Total active: 110999
  Excluded: 1000...
  Excluded: 2000...
  Excluded: 3000...
  Excluded: 4000...
  Excluded: 5000...
  Excluded: 6000...
  Excluded: 7000...
  Excluded: 8000...
  Excluded: 9000...
  Excluded: 10000...
  Excluded: 11000...
  Excluded: 12000...
  Excluded: 13000...
  Excluded: 14000...
  Excluded: 15000...
  Excluded: 16000...
  Excluded: 17000...
  Excluded: 18000...
  Excluded: 19000...
  Excluded: 20000...
  Excluded: 21000...

=== DONE ===
Definite non-face: 0
Borderline (VLM confirmed): 21623
Kept (likely face): 89376
Total excluded: 21623

Remaining active: 89376
Total excluded (all time): 66818
