PyTorch CUDA: True
GPU: NVIDIA RTX A6000
Loading ArcFace model...
Available ONNX providers: ['TensorrtExecutionProvider', 'CUDAExecutionProvider', 'CPUExecutionProvider']
  Using providers: ['CUDAExecutionProvider', 'CPUExecutionProvider']
Model loaded!
Total observations to re-embed: 156194
[500/156194] success=500 failed=0 rate=149.7/s ETA=1040s
[1000/156194] success=1000 failed=0 rate=161.6/s ETA=960s
[1500/156194] success=1500 failed=0 rate=165.3/s ETA=936s
[2000/156194] success=2000 failed=0 rate=167.1/s ETA=923s
[2500/156194] success=2500 failed=0 rate=166.8/s ETA=922s
[3000/156194] success=3000 failed=0 rate=170.1/s ETA=901s
[3500/156194] success=3500 failed=0 rate=218.0/s ETA=701s
[4000/156194] success=4000 failed=0 rate=216.0/s ETA=705s
[4500/156194] success=4500 failed=0 rate=213.7/s ETA=710s
[5000/156194] success=5000 failed=0 rate=212.1/s ETA=713s
[5500/156194] success=5500 failed=0 rate=211.0/s ETA=714s
[6000/156194] success=6000 failed=0 rate=210.3/s ETA=714s
[6500/156194] success=6500 failed=0 rate=205.7/s ETA=728s
[7000/156194] success=7000 failed=0 rate=204.8/s ETA=729s
[7500/156194] success=7500 failed=0 rate=203.0/s ETA=732s
[8000/156194] success=8000 failed=0 rate=201.3/s ETA=736s
[8500/156194] success=8500 failed=0 rate=200.0/s ETA=739s
[9000/156194] success=9000 failed=0 rate=187.4/s ETA=785s
[9500/156194] success=9500 failed=0 rate=186.9/s ETA=785s
[10000/156194] success=10000 failed=0 rate=186.2/s ETA=785s
[10500/156194] success=10500 failed=0 rate=185.9/s ETA=784s
[11000/156194] success=11000 failed=0 rate=185.7/s ETA=782s
[11500/156194] success=11500 failed=0 rate=186.3/s ETA=777s
[12000/156194] success=12000 failed=0 rate=187.2/s ETA=770s
[12500/156194] success=12500 failed=0 rate=187.3/s ETA=767s
[13000/156194] success=13000 failed=0 rate=186.6/s ETA=767s
[13500/156194] success=13500 failed=0 rate=186.4/s ETA=766s
[14000/156194] success=14000 failed=0 rate=185.3/s ETA=767s
[14500/156194] success=14500 failed=0 rate=182.2/s ETA=778s
[15000/156194] success=15000 failed=0 rate=181.5/s ETA=778s
[15500/156194] success=15500 failed=0 rate=180.9/s ETA=778s
[16000/156194] success=16000 failed=0 rate=180.5/s ETA=777s
[16500/156194] success=16500 failed=0 rate=180.3/s ETA=775s
[17000/156194] success=17000 failed=0 rate=180.3/s ETA=772s
[17500/156194] success=17500 failed=0 rate=180.2/s ETA=770s
[18000/156194] success=18000 failed=0 rate=180.0/s ETA=768s
[18500/156194] success=18500 failed=0 rate=179.2/s ETA=768s
[19000/156194] success=19000 failed=0 rate=178.6/s ETA=768s
[19500/156194] success=19500 failed=0 rate=177.0/s ETA=772s
[20000/156194] success=20000 failed=0 rate=176.9/s ETA=770s
[20500/156194] success=20500 failed=0 rate=176.9/s ETA=767s
[21000/156194] success=21000 failed=0 rate=177.3/s ETA=763s
[21500/156194] success=21500 failed=0 rate=177.4/s ETA=759s
[22000/156194] success=22000 failed=0 rate=177.4/s ETA=757s
[22500/156194] success=22500 failed=0 rate=177.1/s ETA=755s
[23000/156194] success=23000 failed=0 rate=177.0/s ETA=752s
[23500/156194] success=23500 failed=0 rate=177.2/s ETA=749s
[24000/156194] success=24000 failed=0 rate=177.4/s ETA=745s
[24500/156194] success=24500 failed=0 rate=177.4/s ETA=743s
[25000/156194] success=25000 failed=0 rate=177.6/s ETA=739s
[25500/156194] success=25500 failed=0 rate=178.0/s ETA=734s
[26000/156194] success=26000 failed=0 rate=178.2/s ETA=731s
[26500/156194] success=26500 failed=0 rate=178.3/s ETA=727s
[27000/156194] success=27000 failed=0 rate=178.5/s ETA=724s
[27500/156194] success=27500 failed=0 rate=178.4/s ETA=721s
[28000/156194] success=28000 failed=0 rate=178.2/s ETA=720s
[28500/156194] success=28500 failed=0 rate=177.9/s ETA=718s
[29000/156194] success=29000 failed=0 rate=177.2/s ETA=718s
[29500/156194] success=29500 failed=0 rate=176.8/s ETA=717s
[30000/156194] success=30000 failed=0 rate=176.3/s ETA=716s
[30500/156194] success=30500 failed=0 rate=176.4/s ETA=712s
[31000/156194] success=31000 failed=0 rate=176.6/s ETA=709s
[31500/156194] success=31500 failed=0 rate=176.8/s ETA=705s
[32000/156194] success=32000 failed=0 rate=177.2/s ETA=701s
[32500/156194] success=32500 failed=0 rate=177.5/s ETA=697s
[33000/156194] success=33000 failed=0 rate=177.2/s ETA=695s
[33500/156194] success=33500 failed=0 rate=176.8/s ETA=694s
[34000/156194] success=34000 failed=0 rate=176.6/s ETA=692s
[34500/156194] success=34500 failed=0 rate=176.7/s ETA=689s
[35000/156194] success=35000 failed=0 rate=176.8/s ETA=686s
[35500/156194] success=35500 failed=0 rate=176.9/s ETA=682s
[36000/156194] success=36000 failed=0 rate=177.0/s ETA=679s
[36500/156194] success=36500 failed=0 rate=177.0/s ETA=676s
[37000/156194] success=37000 failed=0 rate=177.1/s ETA=673s
[37500/156194] success=37500 failed=0 rate=177.5/s ETA=669s
[38000/156194] success=38000 failed=0 rate=177.9/s ETA=664s
[38500/156194] success=38500 failed=0 rate=178.3/s ETA=660s
[39000/156194] success=39000 failed=0 rate=178.3/s ETA=657s
[39500/156194] success=39500 failed=0 rate=178.3/s ETA=654s
[40000/156194] success=40000 failed=0 rate=178.3/s ETA=652s
[40500/156194] success=40500 failed=0 rate=178.2/s ETA=649s
[41000/156194] success=41000 failed=0 rate=178.0/s ETA=647s
[41500/156194] success=41500 failed=0 rate=177.7/s ETA=646s
[42000/156194] success=42000 failed=0 rate=177.5/s ETA=643s
[42500/156194] success=42500 failed=0 rate=177.1/s ETA=642s
[43000/156194] success=43000 failed=0 rate=177.2/s ETA=639s
[43500/156194] success=43500 failed=0 rate=177.1/s ETA=636s
[44000/156194] success=44000 failed=0 rate=177.1/s ETA=634s
[44500/156194] success=44500 failed=0 rate=177.3/s ETA=630s
[45000/156194] success=45000 failed=0 rate=177.5/s ETA=627s
[45500/156194] success=45500 failed=0 rate=177.6/s ETA=623s
[46000/156194] success=46000 failed=0 rate=177.9/s ETA=619s
[46500/156194] success=46500 failed=0 rate=178.2/s ETA=616s
[47000/156194] success=47000 failed=0 rate=178.3/s ETA=612s
[47500/156194] success=47500 failed=0 rate=178.4/s ETA=609s
[48000/156194] success=48000 failed=0 rate=178.5/s ETA=606s
[48500/156194] success=48500 failed=0 rate=178.5/s ETA=603s
[49000/156194] success=49000 failed=0 rate=178.3/s ETA=601s
[49500/156194] success=49500 failed=0 rate=178.3/s ETA=598s
[50000/156194] success=50000 failed=0 rate=178.2/s ETA=596s
[50500/156194] success=50500 failed=0 rate=178.4/s ETA=593s
[51000/156194] success=51000 failed=0 rate=178.3/s ETA=590s
[51500/156194] success=51500 failed=0 rate=178.5/s ETA=587s
[52000/156194] success=52000 failed=0 rate=178.3/s ETA=584s
[52500/156194] success=52500 failed=0 rate=177.8/s ETA=583s
[53000/156194] success=53000 failed=0 rate=177.5/s ETA=581s
[53500/156194] success=53500 failed=0 rate=177.5/s ETA=579s
[54000/156194] success=54000 failed=0 rate=177.6/s ETA=575s
[54500/156194] success=54500 failed=0 rate=177.7/s ETA=572s
[55000/156194] success=55000 failed=0 rate=175.2/s ETA=577s
[55500/156194] success=55500 failed=0 rate=175.1/s ETA=575s
[56000/156194] success=56000 failed=0 rate=174.9/s ETA=573s
[56500/156194] success=56500 failed=0 rate=177.3/s ETA=562s
[57000/156194] success=57000 failed=0 rate=177.5/s ETA=559s
[57500/156194] success=57500 failed=0 rate=177.6/s ETA=556s
[58000/156194] success=58000 failed=0 rate=177.8/s ETA=552s
[58500/156194] success=58500 failed=0 rate=178.0/s ETA=549s
[59000/156194] success=59000 failed=0 rate=177.9/s ETA=546s
[59500/156194] success=59500 failed=0 rate=177.8/s ETA=544s
[60000/156194] success=60000 failed=0 rate=177.8/s ETA=541s
[60500/156194] success=60500 failed=0 rate=177.6/s ETA=539s
[61000/156194] success=61000 failed=0 rate=177.6/s ETA=536s
[61500/156194] success=61500 failed=0 rate=177.5/s ETA=534s
[62000/156194] success=62000 failed=0 rate=177.6/s ETA=530s
[62500/156194] success=62500 failed=0 rate=177.5/s ETA=528s
[63000/156194] success=63000 failed=0 rate=177.3/s ETA=526s
[63500/156194] success=63500 failed=0 rate=177.4/s ETA=522s
[64000/156194] success=64000 failed=0 rate=177.3/s ETA=520s
[64500/156194] success=64500 failed=0 rate=177.1/s ETA=518s
[65000/156194] success=65000 failed=0 rate=176.9/s ETA=516s
[65500/156194] success=65500 failed=0 rate=176.5/s ETA=514s
[66000/156194] success=66000 failed=0 rate=176.3/s ETA=512s
[66500/156194] success=66500 failed=0 rate=176.1/s ETA=509s
[67000/156194] success=67000 failed=0 rate=175.9/s ETA=507s
[67500/156194] success=67500 failed=0 rate=175.9/s ETA=504s
[68000/156194] success=68000 failed=0 rate=175.7/s ETA=502s
[68500/156194] success=68500 failed=0 rate=175.4/s ETA=500s
[69000/156194] success=69000 failed=0 rate=175.3/s ETA=497s
[69500/156194] success=69500 failed=0 rate=172.8/s ETA=502s
[70000/156194] success=70000 failed=0 rate=172.7/s ETA=499s
[70500/156194] success=70500 failed=0 rate=172.5/s ETA=497s
[71000/156194] success=71000 failed=0 rate=172.2/s ETA=495s
[71500/156194] success=71500 failed=0 rate=174.3/s ETA=486s
[72000/156194] success=72000 failed=0 rate=174.1/s ETA=484s
[72500/156194] success=72500 failed=0 rate=174.1/s ETA=481s
[73000/156194] success=73000 failed=0 rate=174.2/s ETA=478s
[73500/156194] success=73500 failed=0 rate=174.0/s ETA=475s
[74000/156194] success=74000 failed=0 rate=173.9/s ETA=473s
[74500/156194] success=74500 failed=0 rate=173.9/s ETA=470s
[75000/156194] success=75000 failed=0 rate=173.9/s ETA=467s
[75500/156194] success=75500 failed=0 rate=173.8/s ETA=464s
[76000/156194] success=76000 failed=0 rate=173.8/s ETA=461s
[76500/156194] success=76500 failed=0 rate=173.8/s ETA=458s
[77000/156194] success=77000 failed=0 rate=174.0/s ETA=455s
[77500/156194] success=77500 failed=0 rate=173.9/s ETA=452s
[78000/156194] success=78000 failed=0 rate=173.8/s ETA=450s
[78500/156194] success=78500 failed=0 rate=173.6/s ETA=448s
[79000/156194] success=79000 failed=0 rate=173.3/s ETA=445s
[79500/156194] success=79500 failed=0 rate=173.3/s ETA=442s
[80000/156194] success=80000 failed=0 rate=173.1/s ETA=440s
[80500/156194] success=80500 failed=0 rate=173.0/s ETA=438s
[81000/156194] success=81000 failed=0 rate=172.9/s ETA=435s
[81500/156194] success=81500 failed=0 rate=172.7/s ETA=433s
[82000/156194] success=82000 failed=0 rate=172.5/s ETA=430s
[82500/156194] success=82500 failed=0 rate=172.4/s ETA=427s
[83000/156194] success=83000 failed=0 rate=172.5/s ETA=424s
[83500/156194] success=83500 failed=0 rate=170.6/s ETA=426s
[84000/156194] success=84000 failed=0 rate=170.5/s ETA=423s
[84500/156194] success=84500 failed=0 rate=170.3/s ETA=421s
[85000/156194] success=85000 failed=0 rate=170.3/s ETA=418s
[85500/156194] success=85500 failed=0 rate=170.3/s ETA=415s
[86000/156194] success=86000 failed=0 rate=172.1/s ETA=408s
[86500/156194] success=86500 failed=0 rate=172.2/s ETA=405s
[87000/156194] success=87000 failed=0 rate=172.0/s ETA=402s
[87500/156194] success=87500 failed=0 rate=171.7/s ETA=400s
[88000/156194] success=88000 failed=0 rate=171.6/s ETA=397s
[88500/156194] success=88500 failed=0 rate=170.1/s ETA=398s
[89000/156194] success=89000 failed=0 rate=170.0/s ETA=395s
[89500/156194] success=89500 failed=0 rate=170.0/s ETA=392s
[90000/156194] success=90000 failed=0 rate=169.8/s ETA=390s
[90500/156194] success=90500 failed=0 rate=171.0/s ETA=384s
[91000/156194] success=91000 failed=0 rate=171.0/s ETA=381s
[91500/156194] success=91500 failed=0 rate=171.1/s ETA=378s
[92000/156194] success=92000 failed=0 rate=171.0/s ETA=375s
[92500/156194] success=92500 failed=0 rate=171.0/s ETA=372s
[93000/156194] success=93000 failed=0 rate=171.1/s ETA=369s
[93500/156194] success=93500 failed=0 rate=171.3/s ETA=366s
[94000/156194] success=94000 failed=0 rate=171.2/s ETA=363s
[94500/156194] success=94500 failed=0 rate=171.3/s ETA=360s
[95000/156194] success=95000 failed=0 rate=171.3/s ETA=357s
[95500/156194] success=95500 failed=0 rate=171.2/s ETA=355s
[96000/156194] success=96000 failed=0 rate=171.2/s ETA=352s
[96500/156194] success=96500 failed=0 rate=171.4/s ETA=348s
[97000/156194] success=97000 failed=0 rate=171.5/s ETA=345s
[97500/156194] success=97500 failed=0 rate=171.5/s ETA=342s
[98000/156194] success=98000 failed=0 rate=171.4/s ETA=340s
[98500/156194] success=98500 failed=0 rate=171.3/s ETA=337s
[99000/156194] success=99000 failed=0 rate=171.3/s ETA=334s
[99500/156194] success=99500 failed=0 rate=171.5/s ETA=331s
[100000/156194] success=100000 failed=0 rate=171.6/s ETA=327s
[100500/156194] success=100500 failed=0 rate=171.8/s ETA=324s
[101000/156194] success=101000 failed=0 rate=171.9/s ETA=321s
[101500/156194] success=101500 failed=0 rate=172.2/s ETA=318s
[102000/156194] success=102000 failed=0 rate=172.1/s ETA=315s
[102500/156194] success=102500 failed=0 rate=172.1/s ETA=312s
[103000/156194] success=103000 failed=0 rate=172.3/s ETA=309s
[103500/156194] success=103500 failed=0 rate=172.4/s ETA=306s
[104000/156194] success=104000 failed=0 rate=172.4/s ETA=303s
[104500/156194] success=104500 failed=0 rate=172.1/s ETA=300s
[105000/156194] success=105000 failed=0 rate=172.1/s ETA=298s
[105500/156194] success=105500 failed=0 rate=172.1/s ETA=295s
[106000/156194] success=106000 failed=0 rate=172.1/s ETA=292s
[106500/156194] success=106500 failed=0 rate=172.1/s ETA=289s
[107000/156194] success=107000 failed=0 rate=172.1/s ETA=286s
[107500/156194] success=107500 failed=0 rate=172.2/s ETA=283s
[108000/156194] success=108000 failed=0 rate=172.3/s ETA=280s
[108500/156194] success=108500 failed=0 rate=172.4/s ETA=277s
[109000/156194] success=109000 failed=0 rate=172.4/s ETA=274s
[109500/156194] success=109500 failed=0 rate=172.5/s ETA=271s
[110000/156194] success=110000 failed=0 rate=172.7/s ETA=268s
[110500/156194] success=110500 failed=0 rate=172.7/s ETA=265s
[111000/156194] success=111000 failed=0 rate=172.7/s ETA=262s
[111500/156194] success=111500 failed=0 rate=172.7/s ETA=259s
[112000/156194] success=112000 failed=0 rate=172.7/s ETA=256s
[112500/156194] success=112500 failed=0 rate=172.7/s ETA=253s
[113000/156194] success=113000 failed=0 rate=172.8/s ETA=250s
[113500/156194] success=113500 failed=0 rate=172.7/s ETA=247s
[114000/156194] success=114000 failed=0 rate=172.7/s ETA=244s
[114500/156194] success=114500 failed=0 rate=172.6/s ETA=242s
[115000/156194] success=115000 failed=0 rate=172.6/s ETA=239s
[115500/156194] success=115500 failed=0 rate=172.5/s ETA=236s
[116000/156194] success=116000 failed=0 rate=172.5/s ETA=233s
[116500/156194] success=116500 failed=0 rate=172.5/s ETA=230s
[117000/156194] success=117000 failed=0 rate=172.5/s ETA=227s
[117500/156194] success=117500 failed=0 rate=172.5/s ETA=224s
[118000/156194] success=118000 failed=0 rate=172.5/s ETA=221s
[118500/156194] success=118500 failed=0 rate=172.4/s ETA=219s
[119000/156194] success=119000 failed=0 rate=172.2/s ETA=216s
[119500/156194] success=119500 failed=0 rate=171.6/s ETA=214s
[120000/156194] success=120000 failed=0 rate=171.5/s ETA=211s
[120500/156194] success=120500 failed=0 rate=171.1/s ETA=209s
[121000/156194] success=121000 failed=0 rate=170.9/s ETA=206s
[121500/156194] success=121500 failed=0 rate=171.0/s ETA=203s
[122000/156194] success=122000 failed=0 rate=171.1/s ETA=200s
[122500/156194] success=122500 failed=0 rate=171.2/s ETA=197s
[123000/156194] success=123000 failed=0 rate=171.3/s ETA=194s
[123500/156194] success=123500 failed=0 rate=171.3/s ETA=191s
[124000/156194] success=124000 failed=0 rate=171.3/s ETA=188s
[124500/156194] success=124500 failed=0 rate=171.4/s ETA=185s
[125000/156194] success=125000 failed=0 rate=171.4/s ETA=182s
[125500/156194] success=125500 failed=0 rate=171.5/s ETA=179s
[126000/156194] success=126000 failed=0 rate=171.6/s ETA=176s
[126500/156194] success=126500 failed=0 rate=171.7/s ETA=173s
[127000/156194] success=127000 failed=0 rate=171.8/s ETA=170s
[127500/156194] success=127500 failed=0 rate=171.7/s ETA=167s
[128000/156194] success=128000 failed=0 rate=171.8/s ETA=164s
[128500/156194] success=128500 failed=0 rate=171.9/s ETA=161s
[129000/156194] success=129000 failed=0 rate=172.0/s ETA=158s
[129500/156194] success=129500 failed=0 rate=172.1/s ETA=155s
[130000/156194] success=130000 failed=0 rate=171.1/s ETA=153s
[130500/156194] success=130500 failed=0 rate=171.2/s ETA=150s
[131000/156194] success=131000 failed=0 rate=171.4/s ETA=147s
[131500/156194] success=131500 failed=0 rate=171.4/s ETA=144s
[132000/156194] success=132000 failed=0 rate=171.6/s ETA=141s
[132500/156194] success=132500 failed=0 rate=171.7/s ETA=138s
[133000/156194] success=133000 failed=0 rate=172.8/s ETA=134s
[133500/156194] success=133500 failed=0 rate=171.9/s ETA=132s
[134000/156194] success=134000 failed=0 rate=171.9/s ETA=129s
[134500/156194] success=134500 failed=0 rate=171.9/s ETA=126s
[135000/156194] success=135000 failed=0 rate=172.0/s ETA=123s
[135500/156194] success=135500 failed=0 rate=172.1/s ETA=120s
[136000/156194] success=136000 failed=0 rate=172.2/s ETA=117s
[136500/156194] success=136500 failed=0 rate=172.2/s ETA=114s
[137000/156194] success=137000 failed=0 rate=172.3/s ETA=111s
[137500/156194] success=137500 failed=0 rate=172.3/s ETA=109s
[138000/156194] success=138000 failed=0 rate=172.1/s ETA=106s
[138500/156194] success=138500 failed=0 rate=172.7/s ETA=102s
[139000/156194] success=139000 failed=0 rate=171.6/s ETA=100s
[139500/156194] success=139500 failed=0 rate=171.6/s ETA=97s
[140000/156194] success=140000 failed=0 rate=171.7/s ETA=94s
[140500/156194] success=140500 failed=0 rate=171.7/s ETA=91s
[141000/156194] success=141000 failed=0 rate=171.7/s ETA=89s
[141500/156194] success=141500 failed=0 rate=171.6/s ETA=86s
[142000/156194] success=142000 failed=0 rate=171.6/s ETA=83s
[142500/156194] success=142500 failed=0 rate=171.5/s ETA=80s
[143000/156194] success=143000 failed=0 rate=171.4/s ETA=77s
[143500/156194] success=143500 failed=0 rate=172.0/s ETA=74s
[144000/156194] success=144000 failed=0 rate=172.1/s ETA=71s
[144500/156194] success=144500 failed=0 rate=172.2/s ETA=68s
[145000/156194] success=145000 failed=0 rate=172.3/s ETA=65s
[145500/156194] success=145500 failed=0 rate=172.3/s ETA=62s
[146000/156194] success=146000 failed=0 rate=172.5/s ETA=59s
[146500/156194] success=146500 failed=0 rate=172.6/s ETA=56s
[147000/156194] success=147000 failed=0 rate=172.7/s ETA=53s
[147500/156194] success=147500 failed=0 rate=172.9/s ETA=50s
[148000/156194] success=148000 failed=0 rate=172.8/s ETA=47s
[148500/156194] success=148500 failed=0 rate=172.8/s ETA=45s
[149000/156194] success=149000 failed=0 rate=172.6/s ETA=42s
[149500/156194] success=149500 failed=0 rate=172.7/s ETA=39s
[150000/156194] success=150000 failed=0 rate=172.7/s ETA=36s
[150500/156194] success=150500 failed=0 rate=172.7/s ETA=33s
[151000/156194] success=151000 failed=0 rate=172.8/s ETA=30s
[151500/156194] success=151500 failed=0 rate=172.8/s ETA=27s
[152000/156194] success=152000 failed=0 rate=172.9/s ETA=24s
[152500/156194] success=152500 failed=0 rate=173.0/s ETA=21s
[153000/156194] success=153000 failed=0 rate=173.2/s ETA=18s
[153500/156194] success=153500 failed=0 rate=173.3/s ETA=16s
[154000/156194] success=154000 failed=0 rate=173.4/s ETA=13s
[154500/156194] success=154500 failed=0 rate=173.6/s ETA=10s
[155000/156194] success=155000 failed=0 rate=173.7/s ETA=7s
[155500/156194] success=155500 failed=0 rate=173.8/s ETA=4s
[156000/156194] success=156000 failed=0 rate=173.9/s ETA=1s

=== RE-EMBEDDING COMPLETE ===
Total: 156194
Success: 156194
Failed: 0
Time: 898s
