Loading ArcFace recognition model...
  Input shape: ['None', 3, 112, 112]
  Model loaded!
Total observations to re-embed: 156194
[200/156194] success=200 failed=0 rate=6.9/s ETA=22499s
[400/156194] success=400 failed=0 rate=6.0/s ETA=25843s
[600/156194] success=600 failed=0 rate=6.1/s ETA=25503s
[800/156194] success=800 failed=0 rate=6.6/s ETA=23516s
[1000/156194] success=1000 failed=0 rate=6.4/s ETA=24374s
[1200/156194] success=1200 failed=0 rate=6.3/s ETA=24490s
[1400/156194] success=1400 failed=0 rate=6.3/s ETA=24477s
[1600/156194] success=1600 failed=0 rate=6.3/s ETA=24502s
[1800/156194] success=1800 failed=0 rate=6.4/s ETA=24153s
[2000/156194] success=2000 failed=0 rate=6.4/s ETA=24120s
[2200/156194] success=2200 failed=0 rate=6.6/s ETA=23463s
[2400/156194] success=2400 failed=0 rate=6.7/s ETA=23070s
[2600/156194] success=2600 failed=0 rate=6.8/s ETA=22553s
[2800/156194] success=2800 failed=0 rate=6.8/s ETA=22638s
[3000/156194] success=3000 failed=0 rate=6.9/s ETA=22352s
[3200/156194] success=3200 failed=0 rate=6.9/s ETA=22199s
[3400/156194] success=3400 failed=0 rate=6.8/s ETA=22348s
[3600/156194] success=3600 failed=0 rate=6.9/s ETA=22216s
[3800/156194] success=3800 failed=0 rate=6.9/s ETA=22167s
[4000/156194] success=4000 failed=0 rate=6.9/s ETA=22181s
[4200/156194] success=4200 failed=0 rate=6.8/s ETA=22277s
[4400/156194] success=4400 failed=0 rate=6.8/s ETA=22466s
[4600/156194] success=4600 failed=0 rate=6.6/s ETA=22820s
[4800/156194] success=4800 failed=0 rate=6.6/s ETA=23007s
[5000/156194] success=5000 failed=0 rate=6.5/s ETA=23091s
[5200/156194] success=5200 failed=0 rate=6.5/s ETA=23260s
[5400/156194] success=5400 failed=0 rate=6.5/s ETA=23371s
[5600/156194] success=5600 failed=0 rate=6.4/s ETA=23455s
[5800/156194] success=5800 failed=0 rate=6.4/s ETA=23493s
[6000/156194] success=6000 failed=0 rate=6.4/s ETA=23482s
[6200/156194] success=6200 failed=0 rate=6.4/s ETA=23438s
[6400/156194] success=6400 failed=0 rate=6.4/s ETA=23416s
[6600/156194] success=6600 failed=0 rate=6.4/s ETA=23342s
[6800/156194] success=6800 failed=0 rate=6.4/s ETA=23205s
[7000/156194] success=7000 failed=0 rate=6.5/s ETA=23053s
[7200/156194] success=7200 failed=0 rate=6.5/s ETA=22913s
[7400/156194] success=7400 failed=0 rate=6.5/s ETA=22781s
[7600/156194] success=7600 failed=0 rate=6.6/s ETA=22644s
[7800/156194] success=7800 failed=0 rate=6.6/s ETA=22503s
[8000/156194] success=8000 failed=0 rate=6.6/s ETA=22391s
[8200/156194] success=8200 failed=0 rate=6.6/s ETA=22279s
[8400/156194] success=8400 failed=0 rate=6.7/s ETA=22179s
[8600/156194] success=8600 failed=0 rate=6.7/s ETA=22065s
[8800/156194] success=8800 failed=0 rate=6.7/s ETA=21956s
[9000/156194] success=9000 failed=0 rate=6.7/s ETA=21866s
[9200/156194] success=9200 failed=0 rate=6.8/s ETA=21768s
[9400/156194] success=9400 failed=0 rate=6.7/s ETA=21753s
[9600/156194] success=9600 failed=0 rate=6.7/s ETA=21767s
[9800/156194] success=9800 failed=0 rate=6.7/s ETA=21699s
[10000/156194] success=10000 failed=0 rate=6.8/s ETA=21631s
[10200/156194] success=10200 failed=0 rate=6.8/s ETA=21546s
[10400/156194] success=10400 failed=0 rate=6.8/s ETA=21462s
[10600/156194] success=10600 failed=0 rate=6.8/s ETA=21377s
[10800/156194] success=10800 failed=0 rate=6.8/s ETA=21290s
[11000/156194] success=11000 failed=0 rate=6.8/s ETA=21215s
[11200/156194] success=11200 failed=0 rate=6.9/s ETA=21144s
[11400/156194] success=11400 failed=0 rate=6.9/s ETA=21070s
[11600/156194] success=11600 failed=0 rate=6.9/s ETA=20998s
[11800/156194] success=11800 failed=0 rate=6.9/s ETA=20925s
[12000/156194] success=12000 failed=0 rate=6.9/s ETA=20850s
[12200/156194] success=12200 failed=0 rate=6.9/s ETA=20780s
[12400/156194] success=12400 failed=0 rate=6.9/s ETA=20711s
[12600/156194] success=12600 failed=0 rate=7.0/s ETA=20646s
[12800/156194] success=12800 failed=0 rate=7.0/s ETA=20629s
[13000/156194] success=13000 failed=0 rate=7.0/s ETA=20590s
[13200/156194] success=13200 failed=0 rate=7.0/s ETA=20538s
[13400/156194] success=13400 failed=0 rate=7.0/s ETA=20437s
[13600/156194] success=13600 failed=0 rate=7.0/s ETA=20377s
[13800/156194] success=13800 failed=0 rate=7.0/s ETA=20326s
[14000/156194] success=14000 failed=0 rate=7.0/s ETA=20315s
[14200/156194] success=14200 failed=0 rate=7.0/s ETA=20277s
[14400/156194] success=14400 failed=0 rate=7.0/s ETA=20220s
[14600/156194] success=14600 failed=0 rate=7.0/s ETA=20164s
[14800/156194] success=14800 failed=0 rate=7.0/s ETA=20108s
[15000/156194] success=15000 failed=0 rate=7.0/s ETA=20039s
[15200/156194] success=15200 failed=0 rate=7.1/s ETA=19942s
[15400/156194] success=15400 failed=0 rate=7.1/s ETA=19915s
[15600/156194] success=15600 failed=0 rate=7.1/s ETA=19854s
[15800/156194] success=15800 failed=0 rate=7.1/s ETA=19796s
[16000/156194] success=16000 failed=0 rate=7.1/s ETA=19744s
[16200/156194] success=16200 failed=0 rate=7.1/s ETA=19739s
[16400/156194] success=16400 failed=0 rate=7.1/s ETA=19645s
[16600/156194] success=16600 failed=0 rate=7.1/s ETA=19592s
[16800/156194] success=16800 failed=0 rate=7.1/s ETA=19579s
[17000/156194] success=17000 failed=0 rate=7.1/s ETA=19489s
[17200/156194] success=17200 failed=0 rate=7.2/s ETA=19430s
[17400/156194] success=17400 failed=0 rate=7.2/s ETA=19368s
[17600/156194] success=17600 failed=0 rate=7.2/s ETA=19319s
[17800/156194] success=17800 failed=0 rate=7.2/s ETA=19258s
[18000/156194] success=18000 failed=0 rate=7.2/s ETA=19206s
[18200/156194] success=18200 failed=0 rate=7.2/s ETA=19190s
[18400/156194] success=18400 failed=0 rate=7.2/s ETA=19114s
[18600/156194] success=18600 failed=0 rate=7.2/s ETA=19061s
[18800/156194] success=18800 failed=0 rate=7.2/s ETA=19023s
[19000/156194] success=19000 failed=0 rate=7.2/s ETA=18997s
[19200/156194] success=19200 failed=0 rate=7.2/s ETA=18998s
[19400/156194] success=19400 failed=0 rate=7.2/s ETA=18987s
[19600/156194] success=19600 failed=0 rate=7.2/s ETA=18974s
[19800/156194] success=19800 failed=0 rate=7.2/s ETA=18934s
[20000/156194] success=20000 failed=0 rate=7.2/s ETA=18927s
[20200/156194] success=20200 failed=0 rate=7.2/s ETA=18883s
[20400/156194] success=20400 failed=0 rate=7.2/s ETA=18861s
[20600/156194] success=20600 failed=0 rate=7.2/s ETA=18801s
[20800/156194] success=20800 failed=0 rate=7.2/s ETA=18770s
[21000/156194] success=21000 failed=0 rate=7.2/s ETA=18730s
[21200/156194] success=21200 failed=0 rate=7.2/s ETA=18667s
[21400/156194] success=21400 failed=0 rate=7.2/s ETA=18632s
[21600/156194] success=21600 failed=0 rate=7.2/s ETA=18611s
[21800/156194] success=21800 failed=0 rate=7.2/s ETA=18595s
[22000/156194] success=22000 failed=0 rate=7.2/s ETA=18604s
[22200/156194] success=22200 failed=0 rate=7.2/s ETA=18534s
[22400/156194] success=22400 failed=0 rate=7.2/s ETA=18489s
[22600/156194] success=22600 failed=0 rate=7.2/s ETA=18454s
[22800/156194] success=22800 failed=0 rate=7.2/s ETA=18438s
[23000/156194] success=23000 failed=0 rate=7.2/s ETA=18379s
[23200/156194] success=23200 failed=0 rate=7.2/s ETA=18357s
[23400/156194] success=23400 failed=0 rate=7.3/s ETA=18298s
[23600/156194] success=23600 failed=0 rate=7.3/s ETA=18265s
[23800/156194] success=23800 failed=0 rate=7.3/s ETA=18222s
[24000/156194] success=24000 failed=0 rate=7.3/s ETA=18184s
[24200/156194] success=24200 failed=0 rate=7.3/s ETA=18158s
[24400/156194] success=24400 failed=0 rate=7.3/s ETA=18120s
[24600/156194] success=24600 failed=0 rate=7.3/s ETA=18082s
[24800/156194] success=24800 failed=0 rate=7.3/s ETA=18042s
[25000/156194] success=25000 failed=0 rate=7.3/s ETA=17992s
[25200/156194] success=25200 failed=0 rate=7.3/s ETA=17957s
[25400/156194] success=25400 failed=0 rate=7.3/s ETA=17919s
[25600/156194] success=25600 failed=0 rate=7.3/s ETA=17883s
[25800/156194] success=25800 failed=0 rate=7.3/s ETA=17832s
[26000/156194] success=26000 failed=0 rate=7.3/s ETA=17801s
[26200/156194] success=26200 failed=0 rate=7.3/s ETA=17762s
[26400/156194] success=26400 failed=0 rate=7.3/s ETA=17706s
[26600/156194] success=26600 failed=0 rate=7.3/s ETA=17696s
[26800/156194] success=26800 failed=0 rate=7.3/s ETA=17654s
[27000/156194] success=27000 failed=0 rate=7.3/s ETA=17632s
[27200/156194] success=27200 failed=0 rate=7.3/s ETA=17568s
[27400/156194] success=27400 failed=0 rate=7.3/s ETA=17538s
[27600/156194] success=27600 failed=0 rate=7.3/s ETA=17504s
[27800/156194] success=27800 failed=0 rate=7.4/s ETA=17468s
[28000/156194] success=28000 failed=0 rate=7.3/s ETA=17444s
[28200/156194] success=28200 failed=0 rate=7.4/s ETA=17389s
[28400/156194] success=28400 failed=0 rate=7.4/s ETA=17365s
[28600/156194] success=28600 failed=0 rate=7.4/s ETA=17323s
[28800/156194] success=28800 failed=0 rate=7.4/s ETA=17309s
[29000/156194] success=29000 failed=0 rate=7.4/s ETA=17254s
[29200/156194] success=29200 failed=0 rate=7.4/s ETA=17236s
[29400/156194] success=29400 failed=0 rate=7.4/s ETA=17186s
[29600/156194] success=29600 failed=0 rate=7.4/s ETA=17149s
[29800/156194] success=29800 failed=0 rate=7.4/s ETA=17115s
[30000/156194] success=30000 failed=0 rate=7.4/s ETA=17080s
[30200/156194] success=30200 failed=0 rate=7.4/s ETA=17044s
[30400/156194] success=30400 failed=0 rate=7.4/s ETA=17008s
[30600/156194] success=30600 failed=0 rate=7.4/s ETA=16992s
[30800/156194] success=30800 failed=0 rate=7.4/s ETA=16932s
[31000/156194] success=31000 failed=0 rate=7.4/s ETA=16902s
[31200/156194] success=31200 failed=0 rate=7.4/s ETA=16871s
[31400/156194] success=31400 failed=0 rate=7.4/s ETA=16835s
[31600/156194] success=31600 failed=0 rate=7.4/s ETA=16800s
[31800/156194] success=31800 failed=0 rate=7.4/s ETA=16764s
[32000/156194] success=32000 failed=0 rate=7.4/s ETA=16727s
[32200/156194] success=32200 failed=0 rate=7.4/s ETA=16689s
[32400/156194] success=32400 failed=0 rate=7.4/s ETA=16653s
[32600/156194] success=32600 failed=0 rate=7.4/s ETA=16620s
[32800/156194] success=32800 failed=0 rate=7.4/s ETA=16587s
[33000/156194] success=33000 failed=0 rate=7.4/s ETA=16555s
[33200/156194] success=33200 failed=0 rate=7.4/s ETA=16520s
[33400/156194] success=33400 failed=0 rate=7.4/s ETA=16485s
[33600/156194] success=33600 failed=0 rate=7.5/s ETA=16452s
[33800/156194] success=33800 failed=0 rate=7.5/s ETA=16419s
[34000/156194] success=34000 failed=0 rate=7.5/s ETA=16385s
[34200/156194] success=34200 failed=0 rate=7.5/s ETA=16351s
[34400/156194] success=34400 failed=0 rate=7.5/s ETA=16318s
[34600/156194] success=34600 failed=0 rate=7.5/s ETA=16284s
[34800/156194] success=34800 failed=0 rate=7.5/s ETA=16250s
[35000/156194] success=35000 failed=0 rate=7.5/s ETA=16216s
[35200/156194] success=35200 failed=0 rate=7.5/s ETA=16196s
[35400/156194] success=35400 failed=0 rate=7.5/s ETA=16142s
[35600/156194] success=35600 failed=0 rate=7.5/s ETA=16108s
[35800/156194] success=35800 failed=0 rate=7.5/s ETA=16078s
[36000/156194] success=36000 failed=0 rate=7.5/s ETA=16061s
[36200/156194] success=36200 failed=0 rate=7.5/s ETA=16023s
[36400/156194] success=36400 failed=0 rate=7.5/s ETA=15989s
[36600/156194] success=36600 failed=0 rate=7.5/s ETA=15985s
[36800/156194] success=36800 failed=0 rate=7.5/s ETA=15960s
[37000/156194] success=37000 failed=0 rate=7.5/s ETA=15912s
[37200/156194] success=37200 failed=0 rate=7.5/s ETA=15900s
[37400/156194] success=37400 failed=0 rate=7.5/s ETA=15881s
[37600/156194] success=37600 failed=0 rate=7.5/s ETA=15850s
[37800/156194] success=37800 failed=0 rate=7.5/s ETA=15830s
[38000/156194] success=38000 failed=0 rate=7.5/s ETA=15796s
[38200/156194] success=38200 failed=0 rate=7.5/s ETA=15763s
[38400/156194] success=38400 failed=0 rate=7.5/s ETA=15722s
[38600/156194] success=38600 failed=0 rate=7.5/s ETA=15708s
[38800/156194] success=38800 failed=0 rate=7.5/s ETA=15700s
[39000/156194] success=39000 failed=0 rate=7.5/s ETA=15686s
[39200/156194] success=39200 failed=0 rate=7.5/s ETA=15687s
[39400/156194] success=39400 failed=0 rate=7.5/s ETA=15649s
[39600/156194] success=39600 failed=0 rate=7.5/s ETA=15604s
[39800/156194] success=39800 failed=0 rate=7.5/s ETA=15591s
[40000/156194] success=40000 failed=0 rate=7.5/s ETA=15590s
[40200/156194] success=40200 failed=0 rate=7.5/s ETA=15547s
[40400/156194] success=40400 failed=0 rate=7.5/s ETA=15522s
[40600/156194] success=40600 failed=0 rate=7.5/s ETA=15495s
[40800/156194] success=40800 failed=0 rate=7.5/s ETA=15451s
[41000/156194] success=41000 failed=0 rate=7.5/s ETA=15434s
[41200/156194] success=41200 failed=0 rate=7.5/s ETA=15388s
[41400/156194] success=41400 failed=0 rate=7.5/s ETA=15356s
[41600/156194] success=41600 failed=0 rate=7.5/s ETA=15330s
[41800/156194] success=41800 failed=0 rate=7.5/s ETA=15326s
[42000/156194] success=42000 failed=0 rate=7.5/s ETA=15293s
[42200/156194] success=42200 failed=0 rate=7.5/s ETA=15267s
[42400/156194] success=42400 failed=0 rate=7.5/s ETA=15239s
[42600/156194] success=42600 failed=0 rate=7.5/s ETA=15219s
[42800/156194] success=42800 failed=0 rate=7.5/s ETA=15194s
[43000/156194] success=43000 failed=0 rate=7.5/s ETA=15182s
[43200/156194] success=43200 failed=0 rate=7.5/s ETA=15153s
[43400/156194] success=43400 failed=0 rate=7.5/s ETA=15123s
[43600/156194] success=43600 failed=0 rate=7.5/s ETA=15096s
[43800/156194] success=43800 failed=0 rate=7.5/s ETA=15076s
[44000/156194] success=44000 failed=0 rate=7.5/s ETA=15045s
[44200/156194] success=44200 failed=0 rate=7.5/s ETA=15019s
[44400/156194] success=44400 failed=0 rate=7.5/s ETA=14977s
[44600/156194] success=44600 failed=0 rate=7.5/s ETA=14956s
[44800/156194] success=44800 failed=0 rate=7.5/s ETA=14925s
[45000/156194] success=45000 failed=0 rate=7.5/s ETA=14897s
[45200/156194] success=45200 failed=0 rate=7.5/s ETA=14859s
[45400/156194] success=45400 failed=0 rate=7.5/s ETA=14845s
[45600/156194] success=45600 failed=0 rate=7.5/s ETA=14816s
[45800/156194] success=45800 failed=0 rate=7.5/s ETA=14783s
[46000/156194] success=46000 failed=0 rate=7.5/s ETA=14744s
[46200/156194] success=46200 failed=0 rate=7.5/s ETA=14721s
[46400/156194] success=46400 failed=0 rate=7.5/s ETA=14692s
[46600/156194] success=46600 failed=0 rate=7.5/s ETA=14663s
[46800/156194] success=46800 failed=0 rate=7.5/s ETA=14635s
[47000/156194] success=47000 failed=0 rate=7.5/s ETA=14608s
[47200/156194] success=47200 failed=0 rate=7.5/s ETA=14581s
[47400/156194] success=47400 failed=0 rate=7.5/s ETA=14564s
[47600/156194] success=47600 failed=0 rate=7.5/s ETA=14555s
[47800/156194] success=47800 failed=0 rate=7.5/s ETA=14526s
[48000/156194] success=48000 failed=0 rate=7.5/s ETA=14496s
[48200/156194] success=48200 failed=0 rate=7.5/s ETA=14468s
[48400/156194] success=48400 failed=0 rate=7.5/s ETA=14443s
[48600/156194] success=48600 failed=0 rate=7.5/s ETA=14416s
[48800/156194] success=48800 failed=0 rate=7.5/s ETA=14383s
[49000/156194] success=49000 failed=0 rate=7.5/s ETA=14355s
[49200/156194] success=49200 failed=0 rate=7.5/s ETA=14328s
[49400/156194] success=49400 failed=0 rate=7.5/s ETA=14291s
[49600/156194] success=49600 failed=0 rate=7.5/s ETA=14264s
[49800/156194] success=49800 failed=0 rate=7.5/s ETA=14237s
[50000/156194] success=50000 failed=0 rate=7.5/s ETA=14209s
[50200/156194] success=50200 failed=0 rate=7.5/s ETA=14181s
[50400/156194] success=50400 failed=0 rate=7.5/s ETA=14152s
[50600/156194] success=50600 failed=0 rate=7.5/s ETA=14123s
[50800/156194] success=50800 failed=0 rate=7.5/s ETA=14095s
[51000/156194] success=51000 failed=0 rate=7.5/s ETA=14065s
[51200/156194] success=51200 failed=0 rate=7.5/s ETA=14036s
[51400/156194] success=51400 failed=0 rate=7.5/s ETA=14013s
[51600/156194] success=51600 failed=0 rate=7.5/s ETA=13984s
[51800/156194] success=51800 failed=0 rate=7.5/s ETA=13949s
[52000/156194] success=52000 failed=0 rate=7.5/s ETA=13928s
[52200/156194] success=52200 failed=0 rate=7.5/s ETA=13898s
[52400/156194] success=52400 failed=0 rate=7.5/s ETA=13871s
[52600/156194] success=52600 failed=0 rate=7.5/s ETA=13851s
[52800/156194] success=52800 failed=0 rate=7.5/s ETA=13811s
[53000/156194] success=53000 failed=0 rate=7.5/s ETA=13789s
[53200/156194] success=53200 failed=0 rate=7.5/s ETA=13757s
[53400/156194] success=53400 failed=0 rate=7.5/s ETA=13729s
[53600/156194] success=53600 failed=0 rate=7.5/s ETA=13701s
[53800/156194] success=53800 failed=0 rate=7.5/s ETA=13681s
[54000/156194] success=54000 failed=0 rate=7.5/s ETA=13643s
[54200/156194] success=54200 failed=0 rate=7.5/s ETA=13615s
[54400/156194] success=54400 failed=0 rate=7.5/s ETA=13586s
[54600/156194] success=54600 failed=0 rate=7.5/s ETA=13558s
[54800/156194] success=54800 failed=0 rate=7.5/s ETA=13529s
